###############################################################################
#
# IAR ELF Linker V8.30.1.114/W32 for ARM                  20/Nov/2018  17:18:07
# Copyright 2007-2018 IAR Systems AB.
#
#    Output file  =  
#        E:\My_Project\Project\K66FX\Project\Debug_Flash\Exe\MK66FX_Orange.out
#    Map file     =  
#        E:\My_Project\Project\K66FX\Project\Debug_Flash\List\MK66FX_Orange.map
#    Command line =  
#        -f C:\Users\ADMINI~1\AppData\Local\Temp\EWD2A4.tmp
#        (E:\My_Project\Project\K66FX\Project\Debug_Flash\Obj\Common.o
#        E:\My_Project\Project\K66FX\Project\Debug_Flash\Obj\diskio.o
#        E:\My_Project\Project\K66FX\Project\Debug_Flash\Obj\ff.o
#        E:\My_Project\Project\K66FX\Project\Debug_Flash\Obj\isr.o
#        E:\My_Project\Project\K66FX\Project\Debug_Flash\Obj\main.o
#        E:\My_Project\Project\K66FX\Project\Debug_Flash\Obj\Misc.o
#        E:\My_Project\Project\K66FX\Project\Debug_Flash\Obj\MK66_adc.o
#        E:\My_Project\Project\K66FX\Project\Debug_Flash\Obj\MK66_cmt.o
#        E:\My_Project\Project\K66FX\Project\Debug_Flash\Obj\MK66_dac.o
#        E:\My_Project\Project\K66FX\Project\Debug_Flash\Obj\MK66_dma.o
#        E:\My_Project\Project\K66FX\Project\Debug_Flash\Obj\MK66_flash.o
#        E:\My_Project\Project\K66FX\Project\Debug_Flash\Obj\MK66_ftm.o
#        E:\My_Project\Project\K66FX\Project\Debug_Flash\Obj\MK66_gpio.o
#        E:\My_Project\Project\K66FX\Project\Debug_Flash\Obj\MK66_i2c.o
#        E:\My_Project\Project\K66FX\Project\Debug_Flash\Obj\MK66_lptmr.o
#        E:\My_Project\Project\K66FX\Project\Debug_Flash\Obj\MK66_pit.o
#        E:\My_Project\Project\K66FX\Project\Debug_Flash\Obj\MK66_port.o
#        E:\My_Project\Project\K66FX\Project\Debug_Flash\Obj\MK66_rtc.o
#        E:\My_Project\Project\K66FX\Project\Debug_Flash\Obj\MK66_sdhc.o
#        E:\My_Project\Project\K66FX\Project\Debug_Flash\Obj\MK66_spi.o
#        E:\My_Project\Project\K66FX\Project\Debug_Flash\Obj\MK66_systick.o
#        E:\My_Project\Project\K66FX\Project\Debug_Flash\Obj\MK66_uart.o
#        E:\My_Project\Project\K66FX\Project\Debug_Flash\Obj\MK66_wdog.o
#        E:\My_Project\Project\K66FX\Project\Debug_Flash\Obj\SEEKFREE_18TFT.o
#        E:\My_Project\Project\K66FX\Project\Debug_Flash\Obj\SEEKFREE_32LCD.o
#        E:\My_Project\Project\K66FX\Project\Debug_Flash\Obj\SEEKFREE_7725.o
#        E:\My_Project\Project\K66FX\Project\Debug_Flash\Obj\SEEKFREE_FUN.o
#        E:\My_Project\Project\K66FX\Project\Debug_Flash\Obj\SEEKFREE_IIC.o
#        E:\My_Project\Project\K66FX\Project\Debug_Flash\Obj\SEEKFREE_L3G4200D.o
#        E:\My_Project\Project\K66FX\Project\Debug_Flash\Obj\SEEKFREE_MMA8451.o
#        E:\My_Project\Project\K66FX\Project\Debug_Flash\Obj\SEEKFREE_MPU6050.o
#        E:\My_Project\Project\K66FX\Project\Debug_Flash\Obj\SEEKFREE_MT9V032.o
#        E:\My_Project\Project\K66FX\Project\Debug_Flash\Obj\SEEKFREE_NRF24L01.o
#        E:\My_Project\Project\K66FX\Project\Debug_Flash\Obj\SEEKFREE_OLED.o
#        E:\My_Project\Project\K66FX\Project\Debug_Flash\Obj\SEEKFREE_TSL1401.o
#        E:\My_Project\Project\K66FX\Project\Debug_Flash\Obj\Serial_oscilloscope.o
#        E:\My_Project\Project\K66FX\Project\Debug_Flash\Obj\SPI_TFT_LCD.o
#        E:\My_Project\Project\K66FX\Project\Debug_Flash\Obj\startup_MK66F18.o
#        E:\My_Project\Project\K66FX\Project\Debug_Flash\Obj\system_MK66.o
#        --no_out_extension -o
#        E:\My_Project\Project\K66FX\Project\Debug_Flash\Exe\MK66FX_Orange.out
#        --map
#        E:\My_Project\Project\K66FX\Project\Debug_Flash\List\MK66FX_Orange.map
#        --config
#        E:\My_Project\Project\K66FX\Project\..\Linker_Files\MK66xX1M_18.icf
#        --semihosting --entry __iar_program_start --inline
#        --merge_duplicate_sections --vfe --text_out locale)
#
###############################################################################

*******************************************************************************
*** RUNTIME MODEL ATTRIBUTES
***

CppFlavor       = *
__Heap_Handler  = NoFree
__SystemLibrary = DLib
__dlib_version  = 6


*******************************************************************************
*** HEAP SELECTION
***

The no free heap was selected because no calls to memory
deallocation functions were found in the application.


*******************************************************************************
*** PLACEMENT SUMMARY
***

"A0":  place at 0x0 { ro section .intvec };
"P1":  place in [from 0x400 to 0x40f] { section FlashConfig };
"P2":  place in [from 0x0 to 0x3ff] |
                [from 0x410 to 0xf'ffff] |
                [from 0x1000'0000 to 0x1003'ffff] { ro };
define block CSTACK with size = 8K, alignment = 8 { };
define block HEAP with size = 16K, alignment = 8 { };
"P3":  place in [from 0x1fff'0000 to 0x2002'ffff] {
          rw, block CSTACK, block HEAP };
initialize by copy { rw };

No sections matched the following patterns:

  section .flex_ram  in "P4"


  Section            Kind         Address    Size  Object
  -------            ----         -------    ----  ------
"A0":                                       0x400
  .intvec            ro code          0x0   0x400  startup_MK66F18.o [1]
                                  - 0x400   0x400

"P1":                                        0x10
  FlashConfig        ro code        0x400    0x10  startup_MK66F18.o [1]
                                  - 0x410    0x10

"P2":                                      0x17d8
  .text              ro code        0x410   0x4a4  MK66_spi.o [1]
  .text              ro code        0x8b4    0x86  ABImemcpy.o [4]
  .text              ro code        0x93a    0x3a  zero_init3.o [4]
  .text              ro code        0x974    0x6c  MK66_port.o [1]
  .text              ro code        0x9e0    0x74  Common.o [1]
  .text              ro code        0xa54     0x8  abs.o [2]
  .text              ro code        0xa5c   0x2a8  MK66_uart.o [1]
  .text              ro code        0xd04   0x3cc  SPI_TFT_LCD.o [1]
  .text              ro code       0x10d0   0x108  MK66_gpio.o [1]
  .text              ro code       0x11d8    0x50  MK66_systick.o [1]
  .text              ro code       0x1228   0x288  SEEKFREE_MT9V032.o [1]
  .text              ro code       0x14b0   0x204  MK66_dma.o [1]
  .text              ro code       0x16b4    0xfa  system_MK66.o [1]
  .text              ro code       0x17ae     0x2  startup_MK66F18.o [1]
  .text              ro code       0x17b0    0x88  isr.o [1]
  .text              ro code       0x1838    0x68  main.o [1]
  .rodata            const         0x18a0    0x40  MK66_spi.o [1]
  .text              ro code       0x18e0    0x2c  copy_init3.o [4]
  .text              ro code       0x190c    0x28  startup_MK66F18.o [1]
  .text              ro code       0x1934    0x28  data_init.o [4]
  .text              ro code       0x195c    0x22  fpinit_M.o [3]
  .iar.init_table    const         0x1980    0x24  - Linker created -
  .text              ro code       0x19a4    0x1e  cmain.o [4]
  .text              ro code       0x19c2     0x4  exit.o [2]
  .text              ro code       0x19c8     0xa  cexit.o [4]
  .text              ro code       0x19d4    0x14  exit.o [5]
  .rodata            const         0x19e8    0x14  MK66_gpio.o [1]
  .rodata            const         0x19fc    0x14  MK66_gpio.o [1]
  .text              ro code       0x1a10     0xc  cstartup_M.o [4]
  .text              ro code       0x1a1c     0x8  startup_MK66F18.o [1]
  .text              ro code       0x1a24     0x8  startup_MK66F18.o [1]
  .text              ro code       0x1a2c     0x8  startup_MK66F18.o [1]
  .text              ro code       0x1a34     0x8  startup_MK66F18.o [1]
  .text              ro code       0x1a3c     0x8  startup_MK66F18.o [1]
  .text              ro code       0x1a44     0x8  startup_MK66F18.o [1]
  .text              ro code       0x1a4c     0x8  startup_MK66F18.o [1]
  .text              ro code       0x1a54     0x8  startup_MK66F18.o [1]
  .text              ro code       0x1a5c     0x8  startup_MK66F18.o [1]
  .text              ro code       0x1a64     0x8  startup_MK66F18.o [1]
  .text              ro code       0x1a6c     0x8  startup_MK66F18.o [1]
  .text              ro code       0x1a74     0x8  startup_MK66F18.o [1]
  .text              ro code       0x1a7c     0x8  startup_MK66F18.o [1]
  .text              ro code       0x1a84     0x8  startup_MK66F18.o [1]
  .text              ro code       0x1a8c     0x8  startup_MK66F18.o [1]
  .text              ro code       0x1a94     0x8  startup_MK66F18.o [1]
  .text              ro code       0x1a9c     0x8  startup_MK66F18.o [1]
  .text              ro code       0x1aa4     0x8  startup_MK66F18.o [1]
  .text              ro code       0x1aac     0x8  startup_MK66F18.o [1]
  .text              ro code       0x1ab4     0x8  startup_MK66F18.o [1]
  .text              ro code       0x1abc     0x8  startup_MK66F18.o [1]
  .text              ro code       0x1ac4     0x8  startup_MK66F18.o [1]
  .text              ro code       0x1acc     0x8  startup_MK66F18.o [1]
  .text              ro code       0x1ad4     0x8  startup_MK66F18.o [1]
  .text              ro code       0x1adc     0x8  startup_MK66F18.o [1]
  .text              ro code       0x1ae4     0x8  startup_MK66F18.o [1]
  .text              ro code       0x1aec     0x8  startup_MK66F18.o [1]
  .text              ro code       0x1af4     0x8  startup_MK66F18.o [1]
  .text              ro code       0x1afc     0x8  startup_MK66F18.o [1]
  .text              ro code       0x1b04     0x8  startup_MK66F18.o [1]
  .text              ro code       0x1b0c     0x8  startup_MK66F18.o [1]
  .text              ro code       0x1b14     0x8  startup_MK66F18.o [1]
  .text              ro code       0x1b1c     0x8  startup_MK66F18.o [1]
  .text              ro code       0x1b24     0x8  startup_MK66F18.o [1]
  .text              ro code       0x1b2c     0x8  startup_MK66F18.o [1]
  .text              ro code       0x1b34     0x8  startup_MK66F18.o [1]
  .text              ro code       0x1b3c     0x8  startup_MK66F18.o [1]
  .text              ro code       0x1b44     0x8  startup_MK66F18.o [1]
  .text              ro code       0x1b4c     0x8  startup_MK66F18.o [1]
  .text              ro code       0x1b54     0x8  startup_MK66F18.o [1]
  .text              ro code       0x1b5c     0x8  startup_MK66F18.o [1]
  .text              ro code       0x1b64     0x8  startup_MK66F18.o [1]
  .rodata            const         0x1b6c     0x4  MK66_spi.o [1]
  .text              ro code       0x1b70     0x4  startup_MK66F18.o [1]
  .rodata            const         0x1b74     0x0  zero_init3.o [4]
  .rodata            const         0x1b74     0x0  copy_init3.o [4]
  Initializer bytes  const         0x1b74    0x74  <for P3 s0>
                                 - 0x1be8  0x17d8

"P3", part 1 of 3:                           0x74
  P3 s0                       0x1fff'0000    0x74  <Init block>
    .data            inited   0x1fff'0000    0x24  SEEKFREE_MT9V032.o [1]
    .data            inited   0x1fff'0024    0x20  SEEKFREE_MT9V032.o [1]
    .data            inited   0x1fff'0044    0x14  MK66_uart.o [1]
    .data            inited   0x1fff'0058     0xc  MK66_spi.o [1]
    .data            inited   0x1fff'0064     0x4  Common.o [1]
    .data            inited   0x1fff'0068     0x4  Common.o [1]
    .data            inited   0x1fff'006c     0x4  Common.o [1]
    .data            inited   0x1fff'0070     0x1  SEEKFREE_MT9V032.o [1]
                            - 0x1fff'0074    0x74

"P3", part 2 of 3:                         0x5828
  .bss               zero     0x1fff'0074  0x5820  SEEKFREE_MT9V032.o [1]
  .bss               zero     0x1fff'5894     0x4  SEEKFREE_MT9V032.o [1]
  .bss               zero     0x1fff'5898     0x1  SEEKFREE_MT9V032.o [1]
  .bss               zero     0x1fff'5899     0x1  SEEKFREE_MT9V032.o [1]
                            - 0x1fff'589a  0x5826

"P3", part 3 of 3:                         0x2000
  CSTACK                      0x1fff'58a0  0x2000  <Block>
    CSTACK           uninit   0x1fff'58a0  0x2000  <Block tail>
                            - 0x1fff'78a0  0x2000

Unused ranges:

         From           To      Size
         ----           --      ----
       0x1be8     0xf'ffff  0xf'e418
  0x1000'0000  0x1003'ffff  0x4'0000
  0x1fff'589c  0x1fff'589f       0x4
  0x1fff'78a0  0x2002'ffff  0x3'8760


*******************************************************************************
*** INIT TABLE
***

          Address      Size
          -------      ----
Zero (__iar_zero_init3)
    1 destination range, total size 0x5826:
          0x1fff'0074  0x5826

Copy (__iar_copy_init3)
    1 source range, total size 0x74 (102% of destination):
               0x1b74    0x74
    1 destination range, total size 0x71:
          0x1fff'0000    0x71



*******************************************************************************
*** MODULE SUMMARY
***

    Module              ro code  ro data  rw data
    ------              -------  -------  -------
command line/config:
    ---------------------------------------------
    Total:

E:\My_Project\Project\K66FX\Project\Debug_Flash\Obj: [1]
    Common.o                116       12       12
    MK66_dma.o              516
    MK66_gpio.o             264       40
    MK66_port.o             108
    MK66_spi.o            1 188       80       12
    MK66_systick.o           80
    MK66_uart.o             680       20       20
    SEEKFREE_MT9V032.o      648       69   22 635
    SPI_TFT_LCD.o           972
    isr.o                   136
    main.o                  104
    startup_MK66F18.o     1 422
    system_MK66.o           250
    ---------------------------------------------
    Total:                6 484      221   22 679

dl7M_tlf.a: [2]
    abs.o                     8
    exit.o                    4
    ---------------------------------------------
    Total:                   12

m7M_tls.a: [3]
    fpinit_M.o               34
    ---------------------------------------------
    Total:                   34

rt7M_tl.a: [4]
    ABImemcpy.o             134
    cexit.o                  10
    cmain.o                  30
    copy_init3.o             44
    cstartup_M.o             12
    data_init.o              40
    zero_init3.o             58
    ---------------------------------------------
    Total:                  328

shb_l.a: [5]
    exit.o                   20
    ---------------------------------------------
    Total:                   20

    Gaps                      4        2
    Linker created                    39    8 192
-------------------------------------------------
    Grand Total:          6 882      262   30 871


*******************************************************************************
*** ENTRY LIST
***

Entry                       Address    Size  Type      Object
-----                       -------    ----  ----      ------
.iar.init_table$$Base        0x1980           --   Gb  - Linker created -
.iar.init_table$$Limit       0x19a4           --   Gb  - Linker created -
?main                        0x19a5          Code  Gb  cmain.o [4]
CSTACK$$Base            0x1fff'58a0           --   Gb  - Linker created -
CSTACK$$Limit           0x1fff'78a0           --   Gb  - Linker created -
DMA0_IRQHandler              0x17e7    0x12  Code  Gb  isr.o [1]
Disable_Wdog                 0x16b5    0x18  Code  Gb  system_MK66.o [1]
GET_CFG                 0x1fff'0024    0x20  Data  Gb  SEEKFREE_MT9V032.o [1]
GPIOX                        0x19fc    0x14  Data  Gb  MK66_gpio.o [1]
LCD_WriteReg                  0xd9f    0x18  Code  Lc  SPI_TFT_LCD.o [1]
Lcd_SetRegion                 0xfd9    0x5a  Code  Lc  SPI_TFT_LCD.o [1]
Lcd_WriteData                 0xd67    0x1e  Code  Lc  SPI_TFT_LCD.o [1]
Lcd_WriteData_16Bit           0xd85    0x1a  Code  Lc  SPI_TFT_LCD.o [1]
Lcd_WriteIndex                0xd49    0x1e  Code  Lc  SPI_TFT_LCD.o [1]
MT9V032_CFG             0x1fff'0000    0x24  Data  Gb  SEEKFREE_MT9V032.o [1]
NMI_Handler                  0x17ad     0x2  Code  Gb  system_MK66.o [1]
NVIC_DisableIRQ              0x184f    0x16  Code  Lc  main.o [1]
NVIC_DisableIRQ              0x123f    0x16  Code  Lc  SEEKFREE_MT9V032.o [1]
NVIC_EnableIRQ               0x1839    0x16  Code  Lc  main.o [1]
NVIC_EnableIRQ                0xa5d    0x18  Code  Lc  MK66_uart.o [1]
NVIC_EnableIRQ               0x1229    0x16  Code  Lc  SEEKFREE_MT9V032.o [1]
NVIC_SetPriority             0x1255    0x2c  Code  Lc  SEEKFREE_MT9V032.o [1]
PIT0_IRQHandler              0x17f9     0xc  Code  Gb  isr.o [1]
PORTA_IRQHandler             0x17b1    0x18  Code  Gb  isr.o [1]
PORTC_IRQHandler             0x17c9    0x1e  Code  Gb  isr.o [1]
PORTX                        0x19e8    0x14  Data  Gb  MK66_gpio.o [1]
Region$$Table$$Base          0x1980           --   Gb  - Linker created -
Region$$Table$$Limit         0x19a4           --   Gb  - Linker created -
SPIN                    0x1fff'0058     0xc  Data  Gb  MK66_spi.o [1]
SPI_TFT_LCD_Init              0xd23    0x26  Code  Lc  SPI_TFT_LCD.o [1]
SPI_TFT_Lcd_Clear            0x1033    0x44  Code  Gb  SPI_TFT_LCD.o [1]
SPI_TFT_Lcd_Init              0xde3   0x1f6  Code  Gb  SPI_TFT_LCD.o [1]
SPI_TFT_Lcd_Reset             0xdb7    0x2c  Code  Gb  SPI_TFT_LCD.o [1]
SPI_TFT_Lcd_displayimage032_bw
                             0x1077    0x4c  Code  Gb  SPI_TFT_LCD.o [1]
SPI_WriteByte                 0xd05    0x1e  Code  Lc  SPI_TFT_LCD.o [1]
SYSTEM_CLK                   0x16e3    0x7c  Code  Gb  system_MK66.o [1]
Start                        0x175f    0x20  Code  Gb  system_MK66.o [1]
UART3_RX_TX_IRQHandler       0x1805    0x12  Code  Gb  isr.o [1]
UART4_RX_TX_IRQHandler       0x1817     0x8  Code  Gb  isr.o [1]
VSYNC                        0x1453    0x12  Code  Gb  SEEKFREE_MT9V032.o [1]
__Vectors                       0x0           --   Gb  startup_MK66F18.o [1]
__Vectors_End                 0x400          Data  Gb  startup_MK66F18.o [1]
__Vectors_Size {Abs}          0x400           --   Gb  startup_MK66F18.o [1]
__aeabi_memcpy4               0x8b5          Code  Gb  ABImemcpy.o [4]
__aeabi_memcpy8               0x8b5          Code  Gb  ABImemcpy.o [4]
__cmain                      0x19a5          Code  Gb  cmain.o [4]
__exit                       0x19d5    0x14  Code  Gb  exit.o [5]
__iar_copy_init3             0x18e1    0x2c  Code  Gb  copy_init3.o [4]
__iar_data_init3             0x1935    0x28  Code  Gb  data_init.o [4]
__iar_init_vfp               0x195d          Code  Gb  fpinit_M.o [3]
__iar_program_start          0x1a11          Code  Gb  cstartup_M.o [4]
__iar_zero_init3              0x93b    0x3a  Code  Gb  zero_init3.o [4]
__vector_table                  0x0          Data  Gb  startup_MK66F18.o [1]
__vector_table_0x1c            0x1c          Data  Gb  startup_MK66F18.o [1]
_call_main                   0x19b1          Code  Gb  cmain.o [4]
_exit                        0x19c9          Code  Gb  cexit.o [4]
_main                        0x19bf          Code  Gb  cmain.o [4]
abs                           0xa55     0x8  Code  Gb  abs.o [2]
bus_clk_mhz             0x1fff'006c     0x4  Data  Gb  Common.o [1]
camera_init                  0x1369    0xea  Code  Gb  SEEKFREE_MT9V032.o [1]
core_clk_mhz            0x1fff'0068     0x4  Data  Gb  Common.o [1]
div_set                      0x16cd    0x16  Code  Gb  system_MK66.o [1]
dma_portx2buff_init          0x14b1   0x204  Code  Gb  MK66_dma.o [1]
dma_repeat                   0x1281    0x50  Code  Lc  SEEKFREE_MT9V032.o [1]
exit                         0x19c3     0x4  Code  Gb  exit.o [2]
get_clk                       0x9e1    0x74  Code  Gb  Common.o [1]
get_config                   0x130b    0x5e  Code  Gb  SEEKFREE_MT9V032.o [1]
gpio_init                    0x10d1    0xfc  Code  Gb  MK66_gpio.o [1]
image                   0x1fff'0074  0x5820  Data  Gb  SEEKFREE_MT9V032.o [1]
main                         0x1865    0x2e  Code  Gb  main.o [1]
mcgout_clk_mhz          0x1fff'0064     0x4  Data  Gb  Common.o [1]
mt9v032_cof_uart_interrupt
                             0x12d1    0x3a  Code  Gb  SEEKFREE_MT9V032.o [1]
mt9v032_finish_flag     0x1fff'5899     0x1  Data  Gb  SEEKFREE_MT9V032.o [1]
port_init                     0x975    0x5e  Code  Gb  MK66_port.o [1]
receive                 0x1fff'5894     0x4  Data  Gb  SEEKFREE_MT9V032.o [1]
receive_num             0x1fff'5898     0x1  Data  Gb  SEEKFREE_MT9V032.o [1]
row_finished                 0x1465     0x8  Code  Gb  SEEKFREE_MT9V032.o [1]
spi_init                      0x411   0x34e  Code  Gb  MK66_spi.o [1]
spi_mosi                      0x75f   0x132  Code  Gb  MK66_spi.o [1]
systick_delay                0x11d9    0x20  Code  Gb  MK66_systick.o [1]
systick_delay_ms             0x11f9    0x1e  Code  Gb  MK66_systick.o [1]
uart                    0x1fff'0044    0x14  Data  Gb  MK66_uart.o [1]
uart_getchar                  0xc8b    0x1e  Code  Gb  MK66_uart.o [1]
uart_init                     0xa75   0x1da  Code  Gb  MK66_uart.o [1]
uart_putbuff                  0xc6b    0x20  Code  Gb  MK66_uart.o [1]
uart_putchar                  0xc4f    0x1c  Code  Gb  MK66_uart.o [1]
uart_receive_flag       0x1fff'0070     0x1  Data  Gb  SEEKFREE_MT9V032.o [1]
uart_rx_irq_en                0xca9    0x3e  Code  Gb  MK66_uart.o [1]


[1] = E:\My_Project\Project\K66FX\Project\Debug_Flash\Obj
[2] = dl7M_tlf.a
[3] = m7M_tls.a
[4] = rt7M_tl.a
[5] = shb_l.a

   6 882 bytes of readonly  code memory
     262 bytes of readonly  data memory
  30 871 bytes of readwrite data memory

Errors: none
Warnings: none
