###############################################################################
#
# IAR ELF Linker V8.30.1.114/W32 for ARM                  15/Nov/2018  00:55:18
# Copyright 2007-2018 IAR Systems AB.
#
#    Output file  =  
#        E:\My_Project\Project\K66FX\Project\Debug_Flash\Exe\MK66FX_Orange.out
#    Map file     =  
#        E:\My_Project\Project\K66FX\Project\Debug_Flash\List\MK66FX_Orange.map
#    Command line =  
#        -f C:\Users\ADMINI~1\AppData\Local\Temp\EW340E.tmp
#        (E:\My_Project\Project\K66FX\Project\Debug_Flash\Obj\Common.o
#        E:\My_Project\Project\K66FX\Project\Debug_Flash\Obj\diskio.o
#        E:\My_Project\Project\K66FX\Project\Debug_Flash\Obj\ff.o
#        E:\My_Project\Project\K66FX\Project\Debug_Flash\Obj\isr.o
#        E:\My_Project\Project\K66FX\Project\Debug_Flash\Obj\main.o
#        E:\My_Project\Project\K66FX\Project\Debug_Flash\Obj\Misc.o
#        E:\My_Project\Project\K66FX\Project\Debug_Flash\Obj\MK66_adc.o
#        E:\My_Project\Project\K66FX\Project\Debug_Flash\Obj\MK66_cmt.o
#        E:\My_Project\Project\K66FX\Project\Debug_Flash\Obj\MK66_dac.o
#        E:\My_Project\Project\K66FX\Project\Debug_Flash\Obj\MK66_dma.o
#        E:\My_Project\Project\K66FX\Project\Debug_Flash\Obj\MK66_flash.o
#        E:\My_Project\Project\K66FX\Project\Debug_Flash\Obj\MK66_ftm.o
#        E:\My_Project\Project\K66FX\Project\Debug_Flash\Obj\MK66_gpio.o
#        E:\My_Project\Project\K66FX\Project\Debug_Flash\Obj\MK66_i2c.o
#        E:\My_Project\Project\K66FX\Project\Debug_Flash\Obj\MK66_lptmr.o
#        E:\My_Project\Project\K66FX\Project\Debug_Flash\Obj\MK66_pit.o
#        E:\My_Project\Project\K66FX\Project\Debug_Flash\Obj\MK66_port.o
#        E:\My_Project\Project\K66FX\Project\Debug_Flash\Obj\MK66_rtc.o
#        E:\My_Project\Project\K66FX\Project\Debug_Flash\Obj\MK66_sdhc.o
#        E:\My_Project\Project\K66FX\Project\Debug_Flash\Obj\MK66_spi.o
#        E:\My_Project\Project\K66FX\Project\Debug_Flash\Obj\MK66_systick.o
#        E:\My_Project\Project\K66FX\Project\Debug_Flash\Obj\MK66_uart.o
#        E:\My_Project\Project\K66FX\Project\Debug_Flash\Obj\MK66_wdog.o
#        E:\My_Project\Project\K66FX\Project\Debug_Flash\Obj\SEEKFREE_18TFT.o
#        E:\My_Project\Project\K66FX\Project\Debug_Flash\Obj\SEEKFREE_32LCD.o
#        E:\My_Project\Project\K66FX\Project\Debug_Flash\Obj\SEEKFREE_7725.o
#        E:\My_Project\Project\K66FX\Project\Debug_Flash\Obj\SEEKFREE_FUN.o
#        E:\My_Project\Project\K66FX\Project\Debug_Flash\Obj\SEEKFREE_IIC.o
#        E:\My_Project\Project\K66FX\Project\Debug_Flash\Obj\SEEKFREE_L3G4200D.o
#        E:\My_Project\Project\K66FX\Project\Debug_Flash\Obj\SEEKFREE_MMA8451.o
#        E:\My_Project\Project\K66FX\Project\Debug_Flash\Obj\SEEKFREE_MPU6050.o
#        E:\My_Project\Project\K66FX\Project\Debug_Flash\Obj\SEEKFREE_MT9V032.o
#        E:\My_Project\Project\K66FX\Project\Debug_Flash\Obj\SEEKFREE_NRF24L01.o
#        E:\My_Project\Project\K66FX\Project\Debug_Flash\Obj\SEEKFREE_OLED.o
#        E:\My_Project\Project\K66FX\Project\Debug_Flash\Obj\SEEKFREE_TSL1401.o
#        E:\My_Project\Project\K66FX\Project\Debug_Flash\Obj\Serial_oscilloscope.o
#        E:\My_Project\Project\K66FX\Project\Debug_Flash\Obj\SPI_TFT_LCD.o
#        E:\My_Project\Project\K66FX\Project\Debug_Flash\Obj\startup_MK66F18.o
#        E:\My_Project\Project\K66FX\Project\Debug_Flash\Obj\system_MK66.o
#        --no_out_extension -o
#        E:\My_Project\Project\K66FX\Project\Debug_Flash\Exe\MK66FX_Orange.out
#        --map
#        E:\My_Project\Project\K66FX\Project\Debug_Flash\List\MK66FX_Orange.map
#        --config
#        E:\My_Project\Project\K66FX\Project\..\Linker_Files\MK66xX1M_18.icf
#        --semihosting --entry __iar_program_start --inline
#        --merge_duplicate_sections --vfe --text_out locale)
#
###############################################################################

*******************************************************************************
*** RUNTIME MODEL ATTRIBUTES
***

CppFlavor       = *
__Heap_Handler  = NoFree
__SystemLibrary = DLib
__dlib_version  = 6


*******************************************************************************
*** HEAP SELECTION
***

The no free heap was selected because no calls to memory
deallocation functions were found in the application.


*******************************************************************************
*** PLACEMENT SUMMARY
***

"A0":  place at 0x0 { ro section .intvec };
"P1":  place in [from 0x400 to 0x40f] { section FlashConfig };
"P2":  place in [from 0x0 to 0x3ff] |
                [from 0x410 to 0xf'ffff] |
                [from 0x1000'0000 to 0x1003'ffff] { ro };
define block CSTACK with size = 8K, alignment = 8 { };
define block HEAP with size = 16K, alignment = 8 { };
"P3":  place in [from 0x1fff'0000 to 0x2002'ffff] {
          rw, block CSTACK, block HEAP };
initialize by copy { rw };

No sections matched the following patterns:

  section .flex_ram  in "P4"


  Section            Kind         Address    Size  Object
  -------            ----         -------    ----  ------
"A0":                                       0x400
  .intvec            ro code          0x0   0x400  startup_MK66F18.o [1]
                                  - 0x400   0x400

"P1":                                        0x10
  FlashConfig        ro code        0x400    0x10  startup_MK66F18.o [1]
                                  - 0x410    0x10

"P2":                                       0xe80
  .text              ro code        0x410   0x2b8  SEEKFREE_MT9V032.o [1]
  .text              ro code        0x6c8   0x2a8  MK66_uart.o [1]
  .text              ro code        0x970    0x50  MK66_systick.o [1]
  .text              ro code        0x9c0   0x204  MK66_dma.o [1]
  .text              ro code        0xbc4    0x6c  MK66_port.o [1]
  .text              ro code        0xc30   0x108  MK66_gpio.o [1]
  .text              ro code        0xd38    0xfa  system_MK66.o [1]
  .text              ro code        0xe32    0x3a  zero_init3.o [4]
  .text              ro code        0xe6c    0x88  isr.o [1]
  .text              ro code        0xef4    0x74  Common.o [1]
  .text              ro code        0xf68    0x2c  main.o [1]
  .text              ro code        0xf94    0x2c  copy_init3.o [4]
  .text              ro code        0xfc0    0x28  startup_MK66F18.o [1]
  .text              ro code        0xfe8    0x28  data_init.o [4]
  .text              ro code       0x1010    0x22  fpinit_M.o [3]
  .iar.init_table    const         0x1034    0x24  - Linker created -
  .text              ro code       0x1058     0x2  startup_MK66F18.o [1]
  .text              ro code       0x105c    0x1e  cmain.o [4]
  .text              ro code       0x107a     0x4  exit.o [2]
  .text              ro code       0x1080     0xa  cexit.o [4]
  .text              ro code       0x108c    0x14  exit.o [5]
  .rodata            const         0x10a0    0x14  MK66_gpio.o [1]
  .rodata            const         0x10b4    0x14  MK66_gpio.o [1]
  .text              ro code       0x10c8     0xc  cstartup_M.o [4]
  .text              ro code       0x10d4     0x8  startup_MK66F18.o [1]
  .text              ro code       0x10dc     0x8  startup_MK66F18.o [1]
  .text              ro code       0x10e4     0x8  startup_MK66F18.o [1]
  .text              ro code       0x10ec     0x8  startup_MK66F18.o [1]
  .text              ro code       0x10f4     0x8  startup_MK66F18.o [1]
  .text              ro code       0x10fc     0x8  startup_MK66F18.o [1]
  .text              ro code       0x1104     0x8  startup_MK66F18.o [1]
  .text              ro code       0x110c     0x8  startup_MK66F18.o [1]
  .text              ro code       0x1114     0x8  startup_MK66F18.o [1]
  .text              ro code       0x111c     0x8  startup_MK66F18.o [1]
  .text              ro code       0x1124     0x8  startup_MK66F18.o [1]
  .text              ro code       0x112c     0x8  startup_MK66F18.o [1]
  .text              ro code       0x1134     0x8  startup_MK66F18.o [1]
  .text              ro code       0x113c     0x8  startup_MK66F18.o [1]
  .text              ro code       0x1144     0x8  startup_MK66F18.o [1]
  .text              ro code       0x114c     0x8  startup_MK66F18.o [1]
  .text              ro code       0x1154     0x8  startup_MK66F18.o [1]
  .text              ro code       0x115c     0x8  startup_MK66F18.o [1]
  .text              ro code       0x1164     0x8  startup_MK66F18.o [1]
  .text              ro code       0x116c     0x8  startup_MK66F18.o [1]
  .text              ro code       0x1174     0x8  startup_MK66F18.o [1]
  .text              ro code       0x117c     0x8  startup_MK66F18.o [1]
  .text              ro code       0x1184     0x8  startup_MK66F18.o [1]
  .text              ro code       0x118c     0x8  startup_MK66F18.o [1]
  .text              ro code       0x1194     0x8  startup_MK66F18.o [1]
  .text              ro code       0x119c     0x8  startup_MK66F18.o [1]
  .text              ro code       0x11a4     0x8  startup_MK66F18.o [1]
  .text              ro code       0x11ac     0x8  startup_MK66F18.o [1]
  .text              ro code       0x11b4     0x8  startup_MK66F18.o [1]
  .text              ro code       0x11bc     0x8  startup_MK66F18.o [1]
  .text              ro code       0x11c4     0x8  startup_MK66F18.o [1]
  .text              ro code       0x11cc     0x8  startup_MK66F18.o [1]
  .text              ro code       0x11d4     0x8  startup_MK66F18.o [1]
  .text              ro code       0x11dc     0x8  startup_MK66F18.o [1]
  .text              ro code       0x11e4     0x8  startup_MK66F18.o [1]
  .text              ro code       0x11ec     0x8  startup_MK66F18.o [1]
  .text              ro code       0x11f4     0x8  startup_MK66F18.o [1]
  .text              ro code       0x11fc     0x8  startup_MK66F18.o [1]
  .text              ro code       0x1204     0x8  startup_MK66F18.o [1]
  .text              ro code       0x120c     0x8  startup_MK66F18.o [1]
  .text              ro code       0x1214     0x8  startup_MK66F18.o [1]
  .text              ro code       0x121c     0x8  startup_MK66F18.o [1]
  .text              ro code       0x1224     0x4  startup_MK66F18.o [1]
  .rodata            const         0x1228     0x0  zero_init3.o [4]
  .rodata            const         0x1228     0x0  copy_init3.o [4]
  Initializer bytes  const         0x1228    0x68  <for P3 s0>
                                 - 0x1290   0xe80

"P3", part 1 of 3:                           0x68
  P3 s0                       0x1fff'0000    0x68  <Init block>
    .data            inited   0x1fff'0000    0x24  SEEKFREE_MT9V032.o [1]
    .data            inited   0x1fff'0024    0x20  SEEKFREE_MT9V032.o [1]
    .data            inited   0x1fff'0044    0x14  MK66_uart.o [1]
    .data            inited   0x1fff'0058     0x4  Common.o [1]
    .data            inited   0x1fff'005c     0x4  Common.o [1]
    .data            inited   0x1fff'0060     0x4  Common.o [1]
    .data            inited   0x1fff'0064     0x1  SEEKFREE_MT9V032.o [1]
                            - 0x1fff'0068    0x68

"P3", part 2 of 3:                         0x5828
  .bss               zero     0x1fff'0068  0x5820  SEEKFREE_MT9V032.o [1]
  .bss               zero     0x1fff'5888     0x4  SEEKFREE_MT9V032.o [1]
  .bss               zero     0x1fff'588c     0x1  SEEKFREE_MT9V032.o [1]
  .bss               zero     0x1fff'588d     0x1  SEEKFREE_MT9V032.o [1]
                            - 0x1fff'588e  0x5826

"P3", part 3 of 3:                         0x2000
  CSTACK                      0x1fff'5890  0x2000  <Block>
    CSTACK           uninit   0x1fff'5890  0x2000  <Block tail>
                            - 0x1fff'7890  0x2000

Unused ranges:

         From           To      Size
         ----           --      ----
       0x1290     0xf'ffff  0xf'ed70
  0x1000'0000  0x1003'ffff  0x4'0000
  0x1fff'7890  0x2002'ffff  0x3'8770


*******************************************************************************
*** INIT TABLE
***

          Address      Size
          -------      ----
Zero (__iar_zero_init3)
    1 destination range, total size 0x5826:
          0x1fff'0068  0x5826

Copy (__iar_copy_init3)
    1 source range, total size 0x68 (102% of destination):
               0x1228    0x68
    1 destination range, total size 0x65:
          0x1fff'0000    0x65



*******************************************************************************
*** MODULE SUMMARY
***

    Module              ro code  ro data  rw data
    ------              -------  -------  -------
command line/config:
    ---------------------------------------------
    Total:

E:\My_Project\Project\K66FX\Project\Debug_Flash\Obj: [1]
    Common.o                116       12       12
    MK66_dma.o              516
    MK66_gpio.o             264       40
    MK66_port.o             108
    MK66_systick.o           80
    MK66_uart.o             680       20       20
    SEEKFREE_MT9V032.o      696       69   22 635
    isr.o                   136
    main.o                   44
    startup_MK66F18.o     1 422
    system_MK66.o           250
    ---------------------------------------------
    Total:                4 312      141   22 667

dl7M_tlf.a: [2]
    exit.o                    4
    ---------------------------------------------
    Total:                    4

m7M_tls.a: [3]
    fpinit_M.o               34
    ---------------------------------------------
    Total:                   34

rt7M_tl.a: [4]
    cexit.o                  10
    cmain.o                  30
    copy_init3.o             44
    cstartup_M.o             12
    data_init.o              40
    zero_init3.o             58
    ---------------------------------------------
    Total:                  194

shb_l.a: [5]
    exit.o                   20
    ---------------------------------------------
    Total:                   20

    Gaps                      6        2
    Linker created                    39    8 192
-------------------------------------------------
    Grand Total:          4 570      182   30 859


*******************************************************************************
*** ENTRY LIST
***

Entry                       Address    Size  Type      Object
-----                       -------    ----  ----      ------
.iar.init_table$$Base        0x1034           --   Gb  - Linker created -
.iar.init_table$$Limit       0x1058           --   Gb  - Linker created -
?main                        0x105d          Code  Gb  cmain.o [4]
CSTACK$$Base            0x1fff'5890           --   Gb  - Linker created -
CSTACK$$Limit           0x1fff'7890           --   Gb  - Linker created -
DMA0_IRQHandler               0xea3    0x12  Code  Gb  isr.o [1]
Disable_Wdog                  0xd39    0x18  Code  Gb  system_MK66.o [1]
GET_CFG                 0x1fff'0024    0x20  Data  Gb  SEEKFREE_MT9V032.o [1]
GPIOX                        0x10b4    0x14  Data  Gb  MK66_gpio.o [1]
MT9V032_CFG             0x1fff'0000    0x24  Data  Gb  SEEKFREE_MT9V032.o [1]
NMI_Handler                   0xe31     0x2  Code  Gb  system_MK66.o [1]
NVIC_DisableIRQ               0x427    0x16  Code  Lc  SEEKFREE_MT9V032.o [1]
NVIC_EnableIRQ                0x6c9    0x18  Code  Lc  MK66_uart.o [1]
NVIC_EnableIRQ                0x411    0x16  Code  Lc  SEEKFREE_MT9V032.o [1]
NVIC_SetPriority              0x43d    0x2c  Code  Lc  SEEKFREE_MT9V032.o [1]
PIT0_IRQHandler               0xeb5     0xc  Code  Gb  isr.o [1]
PORTA_IRQHandler              0xe6d    0x18  Code  Gb  isr.o [1]
PORTC_IRQHandler              0xe85    0x1e  Code  Gb  isr.o [1]
PORTX                        0x10a0    0x14  Data  Gb  MK66_gpio.o [1]
Region$$Table$$Base          0x1034           --   Gb  - Linker created -
Region$$Table$$Limit         0x1058           --   Gb  - Linker created -
SYSTEM_CLK                    0xd67    0x7c  Code  Gb  system_MK66.o [1]
Start                         0xde3    0x20  Code  Gb  system_MK66.o [1]
UART3_RX_TX_IRQHandler        0xec1    0x12  Code  Gb  isr.o [1]
UART4_RX_TX_IRQHandler        0xed3     0x8  Code  Gb  isr.o [1]
VSYNC                         0x63b    0x12  Code  Gb  SEEKFREE_MT9V032.o [1]
__Vectors                       0x0           --   Gb  startup_MK66F18.o [1]
__Vectors_End                 0x400          Data  Gb  startup_MK66F18.o [1]
__Vectors_Size {Abs}          0x400           --   Gb  startup_MK66F18.o [1]
__cmain                      0x105d          Code  Gb  cmain.o [4]
__exit                       0x108d    0x14  Code  Gb  exit.o [5]
__iar_copy_init3              0xf95    0x2c  Code  Gb  copy_init3.o [4]
__iar_data_init3              0xfe9    0x28  Code  Gb  data_init.o [4]
__iar_init_vfp               0x1011          Code  Gb  fpinit_M.o [3]
__iar_program_start          0x10c9          Code  Gb  cstartup_M.o [4]
__iar_zero_init3              0xe33    0x3a  Code  Gb  zero_init3.o [4]
__vector_table                  0x0          Data  Gb  startup_MK66F18.o [1]
__vector_table_0x1c            0x1c          Data  Gb  startup_MK66F18.o [1]
_call_main                   0x1069          Code  Gb  cmain.o [4]
_exit                        0x1081          Code  Gb  cexit.o [4]
_main                        0x1077          Code  Gb  cmain.o [4]
bus_clk_mhz             0x1fff'0060     0x4  Data  Gb  Common.o [1]
camera_init                   0x551    0xea  Code  Gb  SEEKFREE_MT9V032.o [1]
core_clk_mhz            0x1fff'005c     0x4  Data  Gb  Common.o [1]
div_set                       0xd51    0x16  Code  Gb  system_MK66.o [1]
dma_portx2buff_init           0x9c1   0x204  Code  Gb  MK66_dma.o [1]
dma_repeat                    0x469    0x50  Code  Lc  SEEKFREE_MT9V032.o [1]
exit                         0x107b     0x4  Code  Gb  exit.o [2]
get_clk                       0xef5    0x74  Code  Gb  Common.o [1]
get_config                    0x4f3    0x5e  Code  Gb  SEEKFREE_MT9V032.o [1]
gpio_init                     0xc31    0xfc  Code  Gb  MK66_gpio.o [1]
image                   0x1fff'0068  0x5820  Data  Gb  SEEKFREE_MT9V032.o [1]
main                          0xf69    0x2c  Code  Gb  main.o [1]
mcgout_clk_mhz          0x1fff'0058     0x4  Data  Gb  Common.o [1]
mt9v032_cof_uart_interrupt
                              0x4b9    0x3a  Code  Gb  SEEKFREE_MT9V032.o [1]
mt9v032_finish_flag     0x1fff'588d     0x1  Data  Gb  SEEKFREE_MT9V032.o [1]
port_init                     0xbc5    0x5e  Code  Gb  MK66_port.o [1]
receive                 0x1fff'5888     0x4  Data  Gb  SEEKFREE_MT9V032.o [1]
receive_num             0x1fff'588c     0x1  Data  Gb  SEEKFREE_MT9V032.o [1]
row_finished                  0x64d     0x8  Code  Gb  SEEKFREE_MT9V032.o [1]
seekfree_sendimg_032          0x655    0x30  Code  Gb  SEEKFREE_MT9V032.o [1]
systick_delay                 0x971    0x20  Code  Gb  MK66_systick.o [1]
systick_delay_ms              0x991    0x1e  Code  Gb  MK66_systick.o [1]
uart                    0x1fff'0044    0x14  Data  Gb  MK66_uart.o [1]
uart_getchar                  0x8f7    0x1e  Code  Gb  MK66_uart.o [1]
uart_init                     0x6e1   0x1da  Code  Gb  MK66_uart.o [1]
uart_putbuff                  0x8d7    0x20  Code  Gb  MK66_uart.o [1]
uart_putchar                  0x8bb    0x1c  Code  Gb  MK66_uart.o [1]
uart_receive_flag       0x1fff'0064     0x1  Data  Gb  SEEKFREE_MT9V032.o [1]
uart_rx_irq_en                0x915    0x3e  Code  Gb  MK66_uart.o [1]


[1] = E:\My_Project\Project\K66FX\Project\Debug_Flash\Obj
[2] = dl7M_tlf.a
[3] = m7M_tls.a
[4] = rt7M_tl.a
[5] = shb_l.a

   4 570 bytes of readonly  code memory
     182 bytes of readonly  data memory
  30 859 bytes of readwrite data memory

Errors: none
Warnings: none
