###############################################################################
#
# IAR ELF Linker V8.30.1.114/W32 for ARM                  11/Nov/2018  22:14:16
# Copyright 2007-2018 IAR Systems AB.
#
#    Output file  =  
#        C:\Users\Administrator\Desktop\K66FX\Project\Debug_Ram\Exe\MK66FX_Orange.out
#    Map file     =  
#        C:\Users\Administrator\Desktop\K66FX\Project\Debug_Ram\List\MK66FX_Orange.map
#    Command line =  
#        -f C:\Users\ADMINI~1\AppData\Local\Temp\EWB368.tmp
#        (C:\Users\Administrator\Desktop\K66FX\Project\Debug_Ram\Obj\Common.o
#        C:\Users\Administrator\Desktop\K66FX\Project\Debug_Ram\Obj\isr.o
#        C:\Users\Administrator\Desktop\K66FX\Project\Debug_Ram\Obj\main.o
#        C:\Users\Administrator\Desktop\K66FX\Project\Debug_Ram\Obj\Misc.o
#        C:\Users\Administrator\Desktop\K66FX\Project\Debug_Ram\Obj\MK66_adc.o
#        C:\Users\Administrator\Desktop\K66FX\Project\Debug_Ram\Obj\MK66_cmt.o
#        C:\Users\Administrator\Desktop\K66FX\Project\Debug_Ram\Obj\MK66_dac.o
#        C:\Users\Administrator\Desktop\K66FX\Project\Debug_Ram\Obj\MK66_dma.o
#        C:\Users\Administrator\Desktop\K66FX\Project\Debug_Ram\Obj\MK66_flash.o
#        C:\Users\Administrator\Desktop\K66FX\Project\Debug_Ram\Obj\MK66_ftm.o
#        C:\Users\Administrator\Desktop\K66FX\Project\Debug_Ram\Obj\MK66_gpio.o
#        C:\Users\Administrator\Desktop\K66FX\Project\Debug_Ram\Obj\MK66_i2c.o
#        C:\Users\Administrator\Desktop\K66FX\Project\Debug_Ram\Obj\MK66_lptmr.o
#        C:\Users\Administrator\Desktop\K66FX\Project\Debug_Ram\Obj\MK66_pit.o
#        C:\Users\Administrator\Desktop\K66FX\Project\Debug_Ram\Obj\MK66_port.o
#        C:\Users\Administrator\Desktop\K66FX\Project\Debug_Ram\Obj\MK66_rtc.o
#        C:\Users\Administrator\Desktop\K66FX\Project\Debug_Ram\Obj\MK66_sdhc.o
#        C:\Users\Administrator\Desktop\K66FX\Project\Debug_Ram\Obj\MK66_spi.o
#        C:\Users\Administrator\Desktop\K66FX\Project\Debug_Ram\Obj\MK66_systick.o
#        C:\Users\Administrator\Desktop\K66FX\Project\Debug_Ram\Obj\MK66_uart.o
#        C:\Users\Administrator\Desktop\K66FX\Project\Debug_Ram\Obj\MK66_wdog.o
#        C:\Users\Administrator\Desktop\K66FX\Project\Debug_Ram\Obj\SEEKFREE_18TFT.o
#        C:\Users\Administrator\Desktop\K66FX\Project\Debug_Ram\Obj\SEEKFREE_32LCD.o
#        C:\Users\Administrator\Desktop\K66FX\Project\Debug_Ram\Obj\SEEKFREE_7725.o
#        C:\Users\Administrator\Desktop\K66FX\Project\Debug_Ram\Obj\SEEKFREE_FUN.o
#        C:\Users\Administrator\Desktop\K66FX\Project\Debug_Ram\Obj\SEEKFREE_IIC.o
#        C:\Users\Administrator\Desktop\K66FX\Project\Debug_Ram\Obj\SEEKFREE_L3G4200D.o
#        C:\Users\Administrator\Desktop\K66FX\Project\Debug_Ram\Obj\SEEKFREE_MMA8451.o
#        C:\Users\Administrator\Desktop\K66FX\Project\Debug_Ram\Obj\SEEKFREE_MPU6050.o
#        C:\Users\Administrator\Desktop\K66FX\Project\Debug_Ram\Obj\SEEKFREE_MT9V032.o
#        C:\Users\Administrator\Desktop\K66FX\Project\Debug_Ram\Obj\SEEKFREE_NRF24L01.o
#        C:\Users\Administrator\Desktop\K66FX\Project\Debug_Ram\Obj\SEEKFREE_OLED.o
#        C:\Users\Administrator\Desktop\K66FX\Project\Debug_Ram\Obj\SEEKFREE_TSL1401.o
#        C:\Users\Administrator\Desktop\K66FX\Project\Debug_Ram\Obj\startup_MK66F18.o
#        C:\Users\Administrator\Desktop\K66FX\Project\Debug_Ram\Obj\system_MK66.o
#        --no_out_extension -o
#        C:\Users\Administrator\Desktop\K66FX\Project\Debug_Ram\Exe\MK66FX_Orange.out
#        --map
#        C:\Users\Administrator\Desktop\K66FX\Project\Debug_Ram\List\MK66FX_Orange.map
#        --config
#        C:\Users\Administrator\Desktop\K66FX\Project\..\Linker_Files\MK66RAM256K.icf
#        --semihosting --entry __iar_program_start --vfe --text_out locale)
#
###############################################################################

*******************************************************************************
*** RUNTIME MODEL ATTRIBUTES
***

CppFlavor       = *
__Heap_Handler  = NoFree
__SystemLibrary = DLib
__dlib_version  = 6


*******************************************************************************
*** HEAP SELECTION
***

The no free heap was selected because no calls to memory
deallocation functions were found in the application.


*******************************************************************************
*** PLACEMENT SUMMARY
***

"A0":  place at 0x1fff'0000 { ro section .intvec };
define block CodeRelocate { section .textrw_init };
"P1":  place in [from 0x1fff'0000 to 0x2003'0000] { ro, block CodeRelocate };
define block CodeRelocateRam { section .textrw };
define block CSTACK with size = 4K, alignment = 8 { };
define block HEAP with size = 8K, alignment = 8 { };
"P2":  place in [from 0x1fff'0000 to 0x2003'0000] {
          rw, block CodeRelocateRam, block CSTACK, block HEAP };
initialize manually with packing = copy, complex ranges { section .data };

No sections matched the following patterns:

  ro section .noinit    in "A1"
  section .textrw       in block CodeRelocateRam
  section .textrw_init  in block CodeRelocate


  Section            Kind         Address    Size  Object
  -------            ----         -------    ----  ------
"A0":                                       0x400
  .intvec            ro code  0x1fff'0000   0x400  startup_MK66F18.o [1]
                            - 0x1fff'0400   0x400

"P1-P2", part 1 of 3:                       0xf24
  .text              ro code  0x1fff'0400   0x2b8  SEEKFREE_MT9V032.o [1]
  .text              ro code  0x1fff'06b8   0x2a8  MK66_uart.o [1]
  .text              ro code  0x1fff'0960    0x50  MK66_systick.o [1]
  .text              ro code  0x1fff'09b0   0x204  MK66_dma.o [1]
  .text              ro code  0x1fff'0bb4    0x6c  MK66_port.o [1]
  .text              ro code  0x1fff'0c20   0x108  MK66_gpio.o [1]
  .text              ro code  0x1fff'0d28    0xfa  system_MK66.o [1]
  .text              ro code  0x1fff'0e22    0x3a  zero_init3.o [4]
  .text              ro code  0x1fff'0e5c    0x74  Common.o [1]
  .text              ro code  0x1fff'0ed0    0x6c  isr.o [1]
  .text              ro code  0x1fff'0f3c    0x2c  main.o [1]
  .text              ro code  0x1fff'0f68    0x28  startup_MK66F18.o [1]
  .text              ro code  0x1fff'0f90    0x28  data_init.o [4]
  .text              ro code  0x1fff'0fb8    0x22  fpinit_M.o [3]
  .iar.init_table    const    0x1fff'0fdc    0x10  - Linker created -
  .text              ro code  0x1fff'0fec     0x2  startup_MK66F18.o [1]
  .text              ro code  0x1fff'0ff0    0x1e  cmain.o [4]
  .text              ro code  0x1fff'100e     0x4  low_level_init.o [2]
  .text              ro code  0x1fff'1012     0x4  exit.o [2]
  .text              ro code  0x1fff'1016     0x2  startup_MK66F18.o [1]
  .text              ro code  0x1fff'1018     0xa  cexit.o [4]
  .text              ro code  0x1fff'1022     0x2  startup_MK66F18.o [1]
  .text              ro code  0x1fff'1024    0x14  exit.o [5]
  .rodata            const    0x1fff'1038    0x14  MK66_gpio.o [1]
  .rodata            const    0x1fff'104c    0x14  MK66_gpio.o [1]
  .rodata            const    0x1fff'1060    0x14  MK66_port.o [1]
  .rodata            const    0x1fff'1074    0x14  MK66_port.o [1]
  FlashConfig        ro code  0x1fff'1088    0x10  startup_MK66F18.o [1]
  .text              ro code  0x1fff'1098     0xc  cstartup_M.o [4]
  .text              ro code  0x1fff'10a4     0x8  startup_MK66F18.o [1]
  .text              ro code  0x1fff'10ac     0x8  startup_MK66F18.o [1]
  .text              ro code  0x1fff'10b4     0x8  startup_MK66F18.o [1]
  .text              ro code  0x1fff'10bc     0x8  startup_MK66F18.o [1]
  .text              ro code  0x1fff'10c4     0x8  startup_MK66F18.o [1]
  .text              ro code  0x1fff'10cc     0x8  startup_MK66F18.o [1]
  .text              ro code  0x1fff'10d4     0x8  startup_MK66F18.o [1]
  .text              ro code  0x1fff'10dc     0x8  startup_MK66F18.o [1]
  .text              ro code  0x1fff'10e4     0x8  startup_MK66F18.o [1]
  .text              ro code  0x1fff'10ec     0x8  startup_MK66F18.o [1]
  .text              ro code  0x1fff'10f4     0x8  startup_MK66F18.o [1]
  .text              ro code  0x1fff'10fc     0x8  startup_MK66F18.o [1]
  .text              ro code  0x1fff'1104     0x8  startup_MK66F18.o [1]
  .text              ro code  0x1fff'110c     0x8  startup_MK66F18.o [1]
  .text              ro code  0x1fff'1114     0x8  startup_MK66F18.o [1]
  .text              ro code  0x1fff'111c     0x8  startup_MK66F18.o [1]
  .text              ro code  0x1fff'1124     0x8  startup_MK66F18.o [1]
  .text              ro code  0x1fff'112c     0x8  startup_MK66F18.o [1]
  .text              ro code  0x1fff'1134     0x8  startup_MK66F18.o [1]
  .text              ro code  0x1fff'113c     0x8  startup_MK66F18.o [1]
  .text              ro code  0x1fff'1144     0x8  startup_MK66F18.o [1]
  .text              ro code  0x1fff'114c     0x8  startup_MK66F18.o [1]
  .text              ro code  0x1fff'1154     0x8  startup_MK66F18.o [1]
  .text              ro code  0x1fff'115c     0x8  startup_MK66F18.o [1]
  .text              ro code  0x1fff'1164     0x8  startup_MK66F18.o [1]
  .text              ro code  0x1fff'116c     0x8  startup_MK66F18.o [1]
  .text              ro code  0x1fff'1174     0x8  startup_MK66F18.o [1]
  .text              ro code  0x1fff'117c     0x8  startup_MK66F18.o [1]
  .text              ro code  0x1fff'1184     0x8  startup_MK66F18.o [1]
  .text              ro code  0x1fff'118c     0x8  startup_MK66F18.o [1]
  .text              ro code  0x1fff'1194     0x8  startup_MK66F18.o [1]
  .text              ro code  0x1fff'119c     0x8  startup_MK66F18.o [1]
  .text              ro code  0x1fff'11a4     0x8  startup_MK66F18.o [1]
  .text              ro code  0x1fff'11ac     0x8  startup_MK66F18.o [1]
  .text              ro code  0x1fff'11b4     0x8  startup_MK66F18.o [1]
  .text              ro code  0x1fff'11bc     0x8  startup_MK66F18.o [1]
  .text              ro code  0x1fff'11c4     0x8  startup_MK66F18.o [1]
  .text              ro code  0x1fff'11cc     0x8  startup_MK66F18.o [1]
  .text              ro code  0x1fff'11d4     0x8  startup_MK66F18.o [1]
  .text              ro code  0x1fff'11dc     0x8  startup_MK66F18.o [1]
  .text              ro code  0x1fff'11e4     0x8  startup_MK66F18.o [1]
  .text              ro code  0x1fff'11ec     0x8  startup_MK66F18.o [1]
  .text              ro code  0x1fff'11f4     0x8  startup_MK66F18.o [1]
  .text              ro code  0x1fff'11fc     0x8  startup_MK66F18.o [1]
  .text              ro code  0x1fff'1204     0x8  startup_MK66F18.o [1]
  .text              ro code  0x1fff'120c     0x8  startup_MK66F18.o [1]
  .text              ro code  0x1fff'1214     0x8  startup_MK66F18.o [1]
  .text              ro code  0x1fff'121c     0x8  startup_MK66F18.o [1]
  .text              ro code  0x1fff'1224     0x8  startup_MK66F18.o [1]
  .text              ro code  0x1fff'122c     0x8  startup_MK66F18.o [1]
  .text              ro code  0x1fff'1234     0x8  startup_MK66F18.o [1]
  .text              ro code  0x1fff'123c     0x8  startup_MK66F18.o [1]
  .text              ro code  0x1fff'1244     0x4  startup_MK66F18.o [1]
  .text              ro code  0x1fff'1248     0x2  startup_MK66F18.o [1]
  .text              ro code  0x1fff'124a     0x2  startup_MK66F18.o [1]
  .text              ro code  0x1fff'124c     0x2  startup_MK66F18.o [1]
  .text              ro code  0x1fff'124e     0x2  startup_MK66F18.o [1]
  .text              ro code  0x1fff'1250     0x2  startup_MK66F18.o [1]
  .rodata            const    0x1fff'1252     0x0  zero_init3.o [4]
  P1-P2 s0                    0x1fff'1254    0x68  <Init block>
    .data            inited   0x1fff'1254    0x24  SEEKFREE_MT9V032.o [1]
    .data            inited   0x1fff'1278    0x20  SEEKFREE_MT9V032.o [1]
    .data            inited   0x1fff'1298    0x14  MK66_uart.o [1]
    .data            inited   0x1fff'12ac     0x4  Common.o [1]
    .data            inited   0x1fff'12b0     0x4  Common.o [1]
    .data            inited   0x1fff'12b4     0x4  Common.o [1]
    .data            inited   0x1fff'12b8     0x1  SEEKFREE_MT9V032.o [1]
  Initializer bytes  const    0x1fff'12bc    0x68  <for P1-P2 s0>
                            - 0x1fff'1324   0xf24

"P1-P2", part 2 of 3:                      0x5828
  .bss               zero     0x1fff'1324  0x5820  SEEKFREE_MT9V032.o [1]
  .bss               zero     0x1fff'6b44     0x4  SEEKFREE_MT9V032.o [1]
  .bss               zero     0x1fff'6b48     0x1  SEEKFREE_MT9V032.o [1]
  .bss               zero     0x1fff'6b49     0x1  SEEKFREE_MT9V032.o [1]
                            - 0x1fff'6b4a  0x5826

"P1-P2", part 3 of 3:                      0x1000
  CSTACK                      0x1fff'6b50  0x1000  <Block>
    CSTACK           uninit   0x1fff'6b50  0x1000  <Block tail>
                            - 0x1fff'7b50  0x1000

Unused ranges:

         From           To      Size
         ----           --      ----
  0x1fff'6b4c  0x1fff'6b4f       0x4
  0x1fff'7b50  0x2003'0000  0x3'84b1


*******************************************************************************
*** INIT TABLE
***

          Address      Size
          -------      ----
Zero (__iar_zero_init3)
    1 destination range, total size 0x5826:
          0x1fff'1324  0x5826



*******************************************************************************
*** MODULE SUMMARY
***

    Module              ro code  ro data  rw data
    ------              -------  -------  -------
command line/config:
    ---------------------------------------------
    Total:

C:\Users\Administrator\Desktop\K66FX\Project\Debug_Ram\Obj: [1]
    Common.o                116       12       12
    MK66_dma.o              516
    MK66_gpio.o             264       40
    MK66_port.o             108       40
    MK66_systick.o           80
    MK66_uart.o             680       20       20
    SEEKFREE_MT9V032.o      696       69   22 635
    isr.o                   108
    main.o                   44
    startup_MK66F18.o     1 516
    system_MK66.o           250
    ---------------------------------------------
    Total:                4 378      181   22 667

dl7M_tlf.a: [2]
    exit.o                    4
    low_level_init.o          4
    ---------------------------------------------
    Total:                    8

m7M_tls.a: [3]
    fpinit_M.o               34
    ---------------------------------------------
    Total:                   34

rt7M_tl.a: [4]
    cexit.o                  10
    cmain.o                  30
    cstartup_M.o             12
    data_init.o              40
    zero_init3.o             58
    ---------------------------------------------
    Total:                  150

shb_l.a: [5]
    exit.o                   20
    ---------------------------------------------
    Total:                   20

    Gaps                      2        2
    Linker created                    19    4 096
-------------------------------------------------
    Grand Total:          4 592      202   26 763


*******************************************************************************
*** ENTRY LIST
***

Entry                       Address    Size  Type      Object
-----                       -------    ----  ----      ------
.iar.init_table$$Base   0x1fff'0fdc           --   Gb  - Linker created -
.iar.init_table$$Limit  0x1fff'0fec           --   Gb  - Linker created -
?main                   0x1fff'0ff1          Code  Gb  cmain.o [4]
CSTACK$$Base            0x1fff'6b50           --   Gb  - Linker created -
CSTACK$$Limit           0x1fff'7b50           --   Gb  - Linker created -
DMA0_IRQHandler         0x1fff'0eeb    0x12  Code  Gb  isr.o [1]
Disable_Wdog            0x1fff'0d29    0x18  Code  Gb  system_MK66.o [1]
GET_CFG                 0x1fff'1278    0x20  Data  Gb  SEEKFREE_MT9V032.o [1]
GPIOX                   0x1fff'104c    0x14  Data  Lc  MK66_gpio.o [1]
GPIOX                   0x1fff'1074    0x14  Data  Lc  MK66_port.o [1]
MT9V032_CFG             0x1fff'1254    0x24  Data  Gb  SEEKFREE_MT9V032.o [1]
NMI_Handler             0x1fff'0e21     0x2  Code  Gb  system_MK66.o [1]
NVIC_DisableIRQ         0x1fff'0417    0x16  Code  Lc  SEEKFREE_MT9V032.o [1]
NVIC_EnableIRQ          0x1fff'06b9    0x18  Code  Lc  MK66_uart.o [1]
NVIC_EnableIRQ          0x1fff'0401    0x16  Code  Lc  SEEKFREE_MT9V032.o [1]
NVIC_SetPriority        0x1fff'042d    0x2c  Code  Lc  SEEKFREE_MT9V032.o [1]
PIT0_IRQHandler         0x1fff'0efd     0xc  Code  Gb  isr.o [1]
PORTA_IRQHandler        0x1fff'0ed1     0xa  Code  Gb  isr.o [1]
PORTC_IRQHandler        0x1fff'0edb    0x10  Code  Gb  isr.o [1]
PORTX                   0x1fff'1038    0x14  Data  Lc  MK66_gpio.o [1]
PORTX                   0x1fff'1060    0x14  Data  Lc  MK66_port.o [1]
Region$$Table$$Base     0x1fff'0fdc           --   Gb  - Linker created -
Region$$Table$$Limit    0x1fff'0fec           --   Gb  - Linker created -
SYSTEM_CLK              0x1fff'0d57    0x7c  Code  Gb  system_MK66.o [1]
Start                   0x1fff'0dd3    0x20  Code  Gb  system_MK66.o [1]
UART3_RX_TX_IRQHandler  0x1fff'0f09    0x12  Code  Gb  isr.o [1]
UART4_RX_TX_IRQHandler  0x1fff'0f1b     0x8  Code  Gb  isr.o [1]
VSYNC                   0x1fff'062b    0x12  Code  Gb  SEEKFREE_MT9V032.o [1]
__BOOT_STACK_ADDRESS {Abs}
                        0x2002'fff8          Data  Gb  <internal module>
__VECTOR_RAM {Abs}      0x1fff'0000          Data  Gb  <internal module>
__VECTOR_TABLE {Abs}    0x1fff'0000          Data  Gb  <internal module>
__Vectors               0x1fff'0000           --   Gb  startup_MK66F18.o [1]
__Vectors_End           0x1fff'0400          Data  Gb  startup_MK66F18.o [1]
__Vectors_Size {Abs}          0x400           --   Gb  startup_MK66F18.o [1]
__cmain                 0x1fff'0ff1          Code  Gb  cmain.o [4]
__exit                  0x1fff'1025    0x14  Code  Gb  exit.o [5]
__iar_data_init3        0x1fff'0f91    0x28  Code  Gb  data_init.o [4]
__iar_init_vfp          0x1fff'0fb9          Code  Gb  fpinit_M.o [3]
__iar_program_start     0x1fff'1099          Code  Gb  cstartup_M.o [4]
__iar_zero_init3        0x1fff'0e23    0x3a  Code  Gb  zero_init3.o [4]
__low_level_init        0x1fff'100f     0x4  Code  Gb  low_level_init.o [2]
__vector_table          0x1fff'0000          Data  Gb  startup_MK66F18.o [1]
__vector_table_0x1c     0x1fff'001c          Data  Gb  startup_MK66F18.o [1]
_call_main              0x1fff'0ffd          Code  Gb  cmain.o [4]
_exit                   0x1fff'1019          Code  Gb  cexit.o [4]
_main                   0x1fff'100b          Code  Gb  cmain.o [4]
bus_clk_mhz             0x1fff'12b4     0x4  Data  Gb  Common.o [1]
camera_init             0x1fff'0541    0xea  Code  Gb  SEEKFREE_MT9V032.o [1]
core_clk_mhz            0x1fff'12b0     0x4  Data  Gb  Common.o [1]
div_set                 0x1fff'0d41    0x16  Code  Gb  system_MK66.o [1]
dma_portx2buff_init     0x1fff'09b1   0x204  Code  Gb  MK66_dma.o [1]
dma_repeat              0x1fff'0459    0x50  Code  Lc  SEEKFREE_MT9V032.o [1]
exit                    0x1fff'1013     0x4  Code  Gb  exit.o [2]
get_clk                 0x1fff'0e5d    0x74  Code  Gb  Common.o [1]
get_config              0x1fff'04e3    0x5e  Code  Gb  SEEKFREE_MT9V032.o [1]
gpio_init               0x1fff'0c21    0xfc  Code  Gb  MK66_gpio.o [1]
image                   0x1fff'1324  0x5820  Data  Gb  SEEKFREE_MT9V032.o [1]
main                    0x1fff'0f3d    0x2c  Code  Gb  main.o [1]
mcgout_clk_mhz          0x1fff'12ac     0x4  Data  Gb  Common.o [1]
mt9v032_cof_uart_interrupt
                        0x1fff'04a9    0x3a  Code  Gb  SEEKFREE_MT9V032.o [1]
mt9v032_finish_flag     0x1fff'6b49     0x1  Data  Gb  SEEKFREE_MT9V032.o [1]
port_init               0x1fff'0bb5    0x5e  Code  Gb  MK66_port.o [1]
receive                 0x1fff'6b44     0x4  Data  Gb  SEEKFREE_MT9V032.o [1]
receive_num             0x1fff'6b48     0x1  Data  Gb  SEEKFREE_MT9V032.o [1]
row_finished            0x1fff'063d     0x8  Code  Gb  SEEKFREE_MT9V032.o [1]
seekfree_sendimg_032    0x1fff'0645    0x30  Code  Gb  SEEKFREE_MT9V032.o [1]
systick_delay           0x1fff'0961    0x20  Code  Gb  MK66_systick.o [1]
systick_delay_ms        0x1fff'0981    0x1e  Code  Gb  MK66_systick.o [1]
uart                    0x1fff'1298    0x14  Data  Gb  MK66_uart.o [1]
uart_getchar            0x1fff'08e7    0x1e  Code  Gb  MK66_uart.o [1]
uart_init               0x1fff'06d1   0x1da  Code  Gb  MK66_uart.o [1]
uart_putbuff            0x1fff'08c7    0x20  Code  Gb  MK66_uart.o [1]
uart_putchar            0x1fff'08ab    0x1c  Code  Gb  MK66_uart.o [1]
uart_receive_flag       0x1fff'12b8     0x1  Data  Gb  SEEKFREE_MT9V032.o [1]
uart_rx_irq_en          0x1fff'0905    0x3e  Code  Gb  MK66_uart.o [1]


[1] = C:\Users\Administrator\Desktop\K66FX\Project\Debug_Ram\Obj
[2] = dl7M_tlf.a
[3] = m7M_tls.a
[4] = rt7M_tl.a
[5] = shb_l.a

   4 592 bytes of readonly  code memory
     202 bytes of readonly  data memory
  26 763 bytes of readwrite data memory

Errors: none
Warnings: none
